// Jest Snapshot v1, https://goo.gl/fbAQLP

exports[`Test the App component should have match with snapshot 1`] = `
<HashRouter>
  <Connect(withRouter(Layout))>
    <Route
      component={
        Object {
          "$$typeof": Symbol(react.memo),
          "WrappedComponent": [Function],
          "compare": null,
          "displayName": "Connect(SmartCheckout)",
          "type": [Function],
        }
      }
      path="/"
    />
  </Connect(withRouter(Layout))>
</HashRouter>
`;
