// Jest Snapshot v1, https://goo.gl/fbAQLP

exports[`Footer component should have match with snapshot 1`] = `
<div>
  <div
    className="d-flex justify-content-between pt-5"
  >
    <div
      className="pb-5 pl-5"
    >
      <img
        data-selector="conichi-logo"
        src="test-file-stub"
      />
    </div>
    <div
      className="pb-5 pr-5"
    >
      <img
        data-selector="partner-logo"
        src="test-file-stub"
      />
    </div>
  </div>
  <footer
    className="navbar navbar-light bg-light sh-footer"
  >
    <div />
    <div
      className="sh-copy-write p-3"
    >
      @ 2018 - Hotel Beacons GmbH
    </div>
    <div />
  </footer>
</div>
`;
